[INFO] Scanning for projects...
[INFO] 
[INFO] --------------------< com.energie:energie-platform >--------------------
[INFO] Building energie-platform 1.0.0
[INFO]   from pom.xml
[INFO] --------------------------------[ jar ]---------------------------------
[INFO] 
[INFO] --- resources:3.3.1:resources (default-resources) @ energie-platform ---
[INFO] Copying 3 resources from src\main\resources to target\classes
[INFO] Copying 1 resource from src\main\resources to target\classes
[INFO] 
[INFO] --- compiler:3.13.0:compile (default-compile) @ energie-platform ---
[INFO] Nothing to compile - all classes are up to date.
[INFO] 
[INFO] --- resources:3.3.1:testResources (default-testResources) @ energie-platform ---
[INFO] Copying 2 resources from src\test\resources to target\test-classes
[INFO] 
[INFO] --- compiler:3.13.0:testCompile (default-testCompile) @ energie-platform ---
[INFO] Nothing to compile - all classes are up to date.
[INFO] 
[INFO] --- surefire:3.2.5:test (default-test) @ energie-platform ---
[INFO] Tests are skipped.
[INFO] 
[INFO] --- jar:3.4.2:jar (default-jar) @ energie-platform ---
[INFO] Building jar: C:\Users\hp\Documents\energy_plateforme_bg\target\energie-platform-1.0.0.jar
[INFO] 
[INFO] --- spring-boot:3.3.5:repackage (repackage) @ energie-platform ---
[INFO] Replacing main artifact C:\Users\hp\Documents\energy_plateforme_bg\target\energie-platform-1.0.0.jar with repackaged archive, adding nested dependencies in BOOT-INF/.
[INFO] The original artifact has been renamed to C:\Users\hp\Documents\energy_plateforme_bg\target\energie-platform-1.0.0.jar.original
[INFO] ------------------------------------------------------------------------
[INFO] BUILD SUCCESS
[INFO] ------------------------------------------------------------------------
[INFO] Total time:  30.222 s
[INFO] Finished at: 2026-09-14T15:42:53+01:00
[INFO] ------------------------------------------------------------------------
